<?xml version="1.0" encoding="utf-8"?>
<?AutomationStudio Version="4.5.2.102"?>
<Objects>
  <Object
    Path="C:\Users\laboruser\Desktop\MuetterleinStockerAAT\AAT_conveyor\SW\stocker_muetterlein\Logical\Package.pkg"
    LogicalPath=""
    Type="Package.ParentUnknown"
    LastWriteTime="132560355563825085" />
  <Object
    Path="C:\Users\laboruser\Desktop\MuetterleinStockerAAT\AAT_conveyor\SW\stocker_muetterlein\Logical\Global.typ"
    LogicalPath="Global.typ"
    Type="File"
    LastWriteTime="132559908720000000"
    Private="false" />
  <Object
    Path="C:\Users\laboruser\Desktop\MuetterleinStockerAAT\AAT_conveyor\SW\stocker_muetterlein\Logical\Global.var"
    LogicalPath="Global.var"
    Type="File"
    LastWriteTime="132560457914759159"
    Private="false" />
  <Object
    Path="C:\Users\laboruser\Desktop\MuetterleinStockerAAT\AAT_conveyor\SW\stocker_muetterlein\Logical\Libraries\Package.pkg"
    LogicalPath="Libraries"
    Type="Package"
    LastWriteTime="132559908720000000" />
  <Object
    Path="C:\Users\laboruser\Desktop\MuetterleinStockerAAT\AAT_conveyor\SW\stocker_muetterlein\Logical\Libraries\operator\binary.lby"
    LogicalPath="Libraries.operator"
    Type="Library"
    LastWriteTime="132559908720000000" />
  <Object
    Path="C:\Users\laboruser\Desktop\MuetterleinStockerAAT\AAT_conveyor\SW\stocker_muetterlein\Logical\Libraries\operator\operator.fun"
    LogicalPath="Libraries.operator.operator.fun"
    Type="File"
    LastWriteTime="132559908720000000"
    Private="false" />
  <Object
    Path="C:\Users\laboruser\Desktop\MuetterleinStockerAAT\AAT_conveyor\SW\stocker_muetterlein\Logical\Libraries\operator\operator.typ"
    LogicalPath="Libraries.operator.operator.typ"
    Type="File"
    LastWriteTime="132559908720000000"
    Private="false" />
  <Object
    Path="C:\Users\laboruser\Desktop\MuetterleinStockerAAT\AAT_conveyor\SW\stocker_muetterlein\Logical\Libraries\operator\operator.var"
    LogicalPath="Libraries.operator.operator.var"
    Type="File"
    LastWriteTime="132559908720000000"
    Private="false" />
  <Object
    Path="C:\Users\laboruser\Desktop\MuetterleinStockerAAT\AAT_conveyor\SW\stocker_muetterlein\Logical\Libraries\runtime\binary.lby"
    LogicalPath="Libraries.runtime"
    Type="Library"
    LastWriteTime="132559908720000000" />
  <Object
    Path="C:\Users\laboruser\Desktop\MuetterleinStockerAAT\AAT_conveyor\SW\stocker_muetterlein\Logical\Libraries\runtime\runtime.fun"
    LogicalPath="Libraries.runtime.runtime.fun"
    Type="File"
    LastWriteTime="132559908720000000"
    Private="false" />
  <Object
    Path="C:\Users\laboruser\Desktop\MuetterleinStockerAAT\AAT_conveyor\SW\stocker_muetterlein\Logical\Libraries\runtime\runtime.typ"
    LogicalPath="Libraries.runtime.runtime.typ"
    Type="File"
    LastWriteTime="132559908720000000"
    Private="false" />
  <Object
    Path="C:\Users\laboruser\Desktop\MuetterleinStockerAAT\AAT_conveyor\SW\stocker_muetterlein\Logical\Libraries\runtime\runtime.var"
    LogicalPath="Libraries.runtime.runtime.var"
    Type="File"
    LastWriteTime="132559908720000000"
    Private="false" />
  <Object
    Path="C:\Users\laboruser\Desktop\MuetterleinStockerAAT\AAT_conveyor\SW\stocker_muetterlein\Logical\Libraries\astime\binary.lby"
    LogicalPath="Libraries.astime"
    Type="Library"
    LastWriteTime="132559908720000000" />
  <Object
    Path="C:\Users\laboruser\Desktop\MuetterleinStockerAAT\AAT_conveyor\SW\stocker_muetterlein\Logical\Libraries\astime\astime.fun"
    LogicalPath="Libraries.astime.astime.fun"
    Type="File"
    LastWriteTime="132559908720000000"
    Private="false" />
  <Object
    Path="C:\Users\laboruser\Desktop\MuetterleinStockerAAT\AAT_conveyor\SW\stocker_muetterlein\Logical\Libraries\astime\astime.typ"
    LogicalPath="Libraries.astime.astime.typ"
    Type="File"
    LastWriteTime="132559908720000000"
    Private="false" />
  <Object
    Path="C:\Users\laboruser\Desktop\MuetterleinStockerAAT\AAT_conveyor\SW\stocker_muetterlein\Logical\Libraries\astime\astime.var"
    LogicalPath="Libraries.astime.astime.var"
    Type="File"
    LastWriteTime="132559908720000000"
    Private="false" />
  <Object
    Path="C:\Users\laboruser\Desktop\MuetterleinStockerAAT\AAT_conveyor\SW\stocker_muetterlein\Logical\Libraries\AsIecCon\binary.lby"
    LogicalPath="Libraries.AsIecCon"
    Type="Library"
    LastWriteTime="132559908720000000" />
  <Object
    Path="C:\Users\laboruser\Desktop\MuetterleinStockerAAT\AAT_conveyor\SW\stocker_muetterlein\Logical\Libraries\AsIecCon\AsIecCon.fun"
    LogicalPath="Libraries.AsIecCon.AsIecCon.fun"
    Type="File"
    LastWriteTime="132559908720000000"
    Private="false" />
  <Object
    Path="C:\Users\laboruser\Desktop\MuetterleinStockerAAT\AAT_conveyor\SW\stocker_muetterlein\Logical\Libraries\AsIecCon\AsIecCon.typ"
    LogicalPath="Libraries.AsIecCon.AsIecCon.typ"
    Type="File"
    LastWriteTime="132559908720000000"
    Private="false" />
  <Object
    Path="C:\Users\laboruser\Desktop\MuetterleinStockerAAT\AAT_conveyor\SW\stocker_muetterlein\Logical\Libraries\AsIecCon\AsIecCon.var"
    LogicalPath="Libraries.AsIecCon.AsIecCon.var"
    Type="File"
    LastWriteTime="132559908720000000"
    Private="false" />
  <Object
    Path="C:\Users\laboruser\Desktop\MuetterleinStockerAAT\AAT_conveyor\SW\stocker_muetterlein\Logical\FSM\IEC.prg"
    LogicalPath="FSM"
    Type="Program"
    LastWriteTime="132559908720000000" />
  <Object
    Path="C:\Users\laboruser\Desktop\MuetterleinStockerAAT\AAT_conveyor\SW\stocker_muetterlein\Logical\FSM\Cyclic.st"
    LogicalPath="FSM.Cyclic.st"
    Type="File"
    LastWriteTime="132560443502818297"
    Private="false" />
  <Object
    Path="C:\Users\laboruser\Desktop\MuetterleinStockerAAT\AAT_conveyor\SW\stocker_muetterlein\Logical\FSM\Init.st"
    LogicalPath="FSM.Init.st"
    Type="File"
    LastWriteTime="132559908720000000"
    Private="false" />
  <Object
    Path="C:\Users\laboruser\Desktop\MuetterleinStockerAAT\AAT_conveyor\SW\stocker_muetterlein\Logical\FSM\Exit.st"
    LogicalPath="FSM.Exit.st"
    Type="File"
    LastWriteTime="132559908720000000"
    Private="false" />
  <Object
    Path="C:\Users\laboruser\Desktop\MuetterleinStockerAAT\AAT_conveyor\SW\stocker_muetterlein\Logical\FSM\Types.typ"
    LogicalPath="FSM.Types.typ"
    Type="File"
    LastWriteTime="132559908720000000"
    Private="true" />
  <Object
    Path="C:\Users\laboruser\Desktop\MuetterleinStockerAAT\AAT_conveyor\SW\stocker_muetterlein\Logical\FSM\Variables.var"
    LogicalPath="FSM.Variables.var"
    Type="File"
    LastWriteTime="132559908720000000"
    Private="true" />
  <Object
    Path="C:\Users\laboruser\Desktop\MuetterleinStockerAAT\AAT_conveyor\SW\stocker_muetterlein\Logical\PartControl\IEC.prg"
    LogicalPath="PartControl"
    Type="Program"
    LastWriteTime="132559908720000000" />
  <Object
    Path="C:\Users\laboruser\Desktop\MuetterleinStockerAAT\AAT_conveyor\SW\stocker_muetterlein\Logical\PartControl\Cyclic.st"
    LogicalPath="PartControl.Cyclic.st"
    Type="File"
    LastWriteTime="132560449374708477"
    Private="false" />
  <Object
    Path="C:\Users\laboruser\Desktop\MuetterleinStockerAAT\AAT_conveyor\SW\stocker_muetterlein\Logical\PartControl\Init.st"
    LogicalPath="PartControl.Init.st"
    Type="File"
    LastWriteTime="132559908720000000"
    Private="false" />
  <Object
    Path="C:\Users\laboruser\Desktop\MuetterleinStockerAAT\AAT_conveyor\SW\stocker_muetterlein\Logical\PartControl\Exit.st"
    LogicalPath="PartControl.Exit.st"
    Type="File"
    LastWriteTime="132559908720000000"
    Private="false" />
  <Object
    Path="C:\Users\laboruser\Desktop\MuetterleinStockerAAT\AAT_conveyor\SW\stocker_muetterlein\Logical\PartControl\Types.typ"
    LogicalPath="PartControl.Types.typ"
    Type="File"
    LastWriteTime="132559908720000000"
    Private="true" />
  <Object
    Path="C:\Users\laboruser\Desktop\MuetterleinStockerAAT\AAT_conveyor\SW\stocker_muetterlein\Logical\PartControl\Variables.var"
    LogicalPath="PartControl.Variables.var"
    Type="File"
    LastWriteTime="132559908720000000"
    Private="true" />
  <Object
    Path="C:\Users\laboruser\Desktop\MuetterleinStockerAAT\AAT_conveyor\SW\stocker_muetterlein\Logical\Visu\Vc.dob"
    LogicalPath="Visu"
    Type="DataObject"
    LastWriteTime="132559908740000000" />
  <Object
    Path="C:\Users\laboruser\Desktop\MuetterleinStockerAAT\AAT_conveyor\SW\stocker_muetterlein\Logical\Visu\VCObject.vc"
    LogicalPath="Visu.VCObject.vc"
    Type="File"
    LastWriteTime="132559908740000000"
    Private="false" />
  <Object
    Path="C:\Users\laboruser\Desktop\MuetterleinStockerAAT\AAT_conveyor\SW\stocker_muetterlein\Logical\MotorControl\IEC.prg"
    LogicalPath="MotorControl"
    Type="Program"
    LastWriteTime="132560355457030545" />
  <Object
    Path="C:\Users\laboruser\Desktop\MuetterleinStockerAAT\AAT_conveyor\SW\stocker_muetterlein\Logical\MotorControl\Cyclic.st"
    LogicalPath="MotorControl.Cyclic.st"
    Type="File"
    LastWriteTime="132560451862028483"
    Private="false" />
  <Object
    Path="C:\Users\laboruser\Desktop\MuetterleinStockerAAT\AAT_conveyor\SW\stocker_muetterlein\Logical\MotorControl\Init.st"
    LogicalPath="MotorControl.Init.st"
    Type="File"
    LastWriteTime="132560390225458780"
    Private="false" />
  <Object
    Path="C:\Users\laboruser\Desktop\MuetterleinStockerAAT\AAT_conveyor\SW\stocker_muetterlein\Logical\MotorControl\Exit.st"
    LogicalPath="MotorControl.Exit.st"
    Type="File"
    LastWriteTime="132560355456990685"
    Private="false" />
  <Object
    Path="C:\Users\laboruser\Desktop\MuetterleinStockerAAT\AAT_conveyor\SW\stocker_muetterlein\Logical\MotorControl\Types.typ"
    LogicalPath="MotorControl.Types.typ"
    Type="File"
    LastWriteTime="132560369342022643"
    Private="true" />
  <Object
    Path="C:\Users\laboruser\Desktop\MuetterleinStockerAAT\AAT_conveyor\SW\stocker_muetterlein\Logical\MotorControl\Variables.var"
    LogicalPath="MotorControl.Variables.var"
    Type="File"
    LastWriteTime="132560355457020573"
    Private="true" />
  <Object
    Path="C:\Users\laboruser\Desktop\MuetterleinStockerAAT\AAT_conveyor\SW\stocker_muetterlein\Physical\Config1\Config.pkg"
    LogicalPath="Config1"
    Type="Configuration.ParentUnknown"
    LastWriteTime="132559908740000000" />
  <Object
    Path="C:\Users\laboruser\Desktop\MuetterleinStockerAAT\AAT_conveyor\SW\stocker_muetterlein\Physical\Config1\Hardware.hw"
    LogicalPath="Config1.Hardware.hw"
    Type="File"
    LastWriteTime="132560467344809204"
    Private="false" />
  <Object
    Path="C:\Users\laboruser\Desktop\MuetterleinStockerAAT\AAT_conveyor\SW\stocker_muetterlein\Physical\Config1\Hardware.hwl"
    LogicalPath="Config1.Hardware.hwl"
    Type="File"
    LastWriteTime="132559908740000000"
    Private="false" />
  <Object
    Path="C:\Users\laboruser\Desktop\MuetterleinStockerAAT\AAT_conveyor\SW\stocker_muetterlein\Physical\Config1\X20CP1484_1\Cpu.pkg"
    LogicalPath="Config1.X20CP1484_1"
    Type="Cpu"
    LastWriteTime="132560359005177034" />
  <Object
    Path="C:\Users\laboruser\Desktop\MuetterleinStockerAAT\AAT_conveyor\SW\stocker_muetterlein\Physical\Config1\X20CP1484_1\Cpu.sw"
    LogicalPath="Config1.X20CP1484_1.Cpu.sw"
    Type="File"
    LastWriteTime="132560467343522324"
    Private="false" />
  <Object
    Path="C:\Users\laboruser\Desktop\MuetterleinStockerAAT\AAT_conveyor\SW\stocker_muetterlein\Physical\Config1\X20CP1484_1\Cpu.per"
    LogicalPath="Config1.X20CP1484_1.Cpu.per"
    Type="File"
    LastWriteTime="132559908740000000"
    Private="false" />
  <Object
    Path="C:\Users\laboruser\Desktop\MuetterleinStockerAAT\AAT_conveyor\SW\stocker_muetterlein\Physical\Config1\X20CP1484_1\IoMap.iom"
    LogicalPath="Config1.X20CP1484_1.IoMap.iom"
    Type="File"
    LastWriteTime="132560408277069604"
    Private="false" />
  <Object
    Path="C:\Users\laboruser\Desktop\MuetterleinStockerAAT\AAT_conveyor\SW\stocker_muetterlein\Physical\Config1\X20CP1484_1\PvMap.vvm"
    LogicalPath="Config1.X20CP1484_1.PvMap.vvm"
    Type="File"
    LastWriteTime="132559908740000000"
    Private="false" />
  <Object
    Path="C:\Users\laboruser\Desktop\MuetterleinStockerAAT\AAT_conveyor\SW\stocker_muetterlein\Physical\Config1\X20CP1484_1\VC\Package.pkg"
    LogicalPath="Config1.X20CP1484_1.VC"
    Type="Package"
    LastWriteTime="132560467344310531" />
  <Object
    Path="C:\Users\laboruser\Desktop\MuetterleinStockerAAT\AAT_conveyor\SW\stocker_muetterlein\Physical\Config1\X20CP1484_1\VC\PS2-Keyboard.dis"
    LogicalPath="Config1.X20CP1484_1.VC.PS2-Keyboard.dis"
    Type="File"
    LastWriteTime="132559908740000000"
    Private="false" />
  <Object
    Path="C:\Users\laboruser\Desktop\MuetterleinStockerAAT\AAT_conveyor\SW\stocker_muetterlein\Physical\Config1\X20CP1484_1\VC\PS2-Keyboard1.dis"
    LogicalPath="Config1.X20CP1484_1.VC.PS2-Keyboard1.dis"
    Type="File"
    LastWriteTime="132560467344719124"
    Private="false" />
  <Object
    Path="C:\Users\laboruser\Desktop\MuetterleinStockerAAT\AAT_conveyor\SW\stocker_muetterlein\Physical\Config1\Hardware.jpg"
    LogicalPath="Config1.Hardware.jpg"
    Type="File"
    LastWriteTime="132560412346005855"
    Private="false" />
</Objects>