C:\Users\laboruser\Desktop\MuetterleinStockerAAT\AAT_conveyor\SW\stocker_muetterlein\Logical\Global.typ
C:\Users\laboruser\Desktop\MuetterleinStockerAAT\AAT_conveyor\SW\stocker_muetterlein\Logical\Global.var
C:\Users\laboruser\Desktop\MuetterleinStockerAAT\AAT_conveyor\SW\stocker_muetterlein\Logical\Libraries\operator\operator.fun
C:\Users\laboruser\Desktop\MuetterleinStockerAAT\AAT_conveyor\SW\stocker_muetterlein\Logical\Libraries\operator\operator.typ
C:\Users\laboruser\Desktop\MuetterleinStockerAAT\AAT_conveyor\SW\stocker_muetterlein\Logical\Libraries\operator\operator.var
C:\Users\laboruser\Desktop\MuetterleinStockerAAT\AAT_conveyor\SW\stocker_muetterlein\Logical\Libraries\runtime\runtime.fun
C:\Users\laboruser\Desktop\MuetterleinStockerAAT\AAT_conveyor\SW\stocker_muetterlein\Logical\Libraries\runtime\runtime.typ
C:\Users\laboruser\Desktop\MuetterleinStockerAAT\AAT_conveyor\SW\stocker_muetterlein\Logical\Libraries\runtime\runtime.var
C:\Users\laboruser\Desktop\MuetterleinStockerAAT\AAT_conveyor\SW\stocker_muetterlein\Logical\Libraries\astime\astime.fun
C:\Users\laboruser\Desktop\MuetterleinStockerAAT\AAT_conveyor\SW\stocker_muetterlein\Logical\Libraries\astime\astime.typ
C:\Users\laboruser\Desktop\MuetterleinStockerAAT\AAT_conveyor\SW\stocker_muetterlein\Logical\Libraries\astime\astime.var
C:\Users\laboruser\Desktop\MuetterleinStockerAAT\AAT_conveyor\SW\stocker_muetterlein\Logical\Libraries\AsIecCon\AsIecCon.fun
C:\Users\laboruser\Desktop\MuetterleinStockerAAT\AAT_conveyor\SW\stocker_muetterlein\Logical\Libraries\AsIecCon\AsIecCon.typ
C:\Users\laboruser\Desktop\MuetterleinStockerAAT\AAT_conveyor\SW\stocker_muetterlein\Logical\Libraries\AsIecCon\AsIecCon.var
