D:\GIT\AAT_conveyor\SW\stocker_muetterlein\Logical\Global.typ
D:\GIT\AAT_conveyor\SW\stocker_muetterlein\Logical\Global.var
D:\GIT\AAT_conveyor\SW\stocker_muetterlein\Logical\Libraries\operator\operator.fun
D:\GIT\AAT_conveyor\SW\stocker_muetterlein\Logical\Libraries\operator\operator.typ
D:\GIT\AAT_conveyor\SW\stocker_muetterlein\Logical\Libraries\operator\operator.var
D:\GIT\AAT_conveyor\SW\stocker_muetterlein\Logical\Libraries\runtime\runtime.fun
D:\GIT\AAT_conveyor\SW\stocker_muetterlein\Logical\Libraries\runtime\runtime.typ
D:\GIT\AAT_conveyor\SW\stocker_muetterlein\Logical\Libraries\runtime\runtime.var
D:\GIT\AAT_conveyor\SW\stocker_muetterlein\Logical\Libraries\astime\astime.fun
D:\GIT\AAT_conveyor\SW\stocker_muetterlein\Logical\Libraries\astime\astime.typ
D:\GIT\AAT_conveyor\SW\stocker_muetterlein\Logical\Libraries\astime\astime.var
D:\GIT\AAT_conveyor\SW\stocker_muetterlein\Logical\Libraries\AsIecCon\AsIecCon.fun
D:\GIT\AAT_conveyor\SW\stocker_muetterlein\Logical\Libraries\AsIecCon\AsIecCon.typ
D:\GIT\AAT_conveyor\SW\stocker_muetterlein\Logical\Libraries\AsIecCon\AsIecCon.var
